// Jest Snapshot v1, https://goo.gl/fbAQLP

exports[`Notfound component should render without errors 1`] = `
<div>
  <h2>
     Page not found 
  </h2>
</div>
`;
