// Jest Snapshot v1, https://goo.gl/fbAQLP

exports[`Signup component should render without errors 1`] = `ShallowWrapper {}`;
